// Jest Snapshot v1, https://goo.gl/fbAQLP

exports[`Storyshots UI/Checkboxes Variants 1`] = `
.emotion-0 {
  display: -webkit-box;
  display: -webkit-flex;
  display: -ms-flexbox;
  display: flex;
  -webkit-flex-direction: column;
  -ms-flex-direction: column;
  flex-direction: column;
}

.emotion-0>*:not(style)~*:not(style) {
  margin-top: var(--chakra-space-5);
  -webkit-margin-end: 0px;
  margin-inline-end: 0px;
  margin-bottom: 0px;
  -webkit-margin-start: 0px;
  margin-inline-start: 0px;
}

.emotion-1 {
  cursor: pointer;
  display: -webkit-inline-box;
  display: -webkit-inline-flex;
  display: -ms-inline-flexbox;
  display: inline-flex;
  -webkit-align-items: center;
  -webkit-box-align: center;
  -ms-flex-align: center;
  align-items: center;
  vertical-align: top;
  position: relative;
}

.emotion-1:disabled,
.emotion-1[disabled],
.emotion-1[aria-disabled=true],
.emotion-1[data-disabled] {
  cursor: not-allowed;
}

.emotion-2 {
  width: 18px;
  height: 18px;
  transition-property: box-shadow;
  transition-duration: var(--chakra-transition-duration-normal);
  border: 2px solid;
  border-radius: var(--chakra-radii-sm);
  border-color: inherit;
  color: var(--chakra-colors-brand-ghostGray);
  --checkbox-size: var(--chakra-sizes-4);
  display: -webkit-inline-box;
  display: -webkit-inline-flex;
  display: -ms-inline-flexbox;
  display: inline-flex;
  -webkit-align-items: center;
  -webkit-box-align: center;
  -ms-flex-align: center;
  align-items: center;
  -webkit-box-pack: center;
  -ms-flex-pack: center;
  -webkit-justify-content: center;
  justify-content: center;
  vertical-align: top;
  -webkit-user-select: none;
  -moz-user-select: none;
  -ms-user-select: none;
  user-select: none;
  -webkit-flex-shrink: 0;
  -ms-flex-negative: 0;
  flex-shrink: 0;
}

.emotion-2[aria-checked=true],
.emotion-2[data-checked] {
  background: var(--chakra-colors-blue-500);
  border-color: none;
  color: var(--chakra-colors-brand-headline2);
  background-color: var(--chakra-colors-transparent);
}

.emotion-2[aria-checked=true]:hover,
.emotion-2[data-checked]:hover,
.emotion-2[aria-checked=true][data-hover],
.emotion-2[data-checked][data-hover] {
  background: var(--chakra-colors-blue-600);
  border-color: none;
  background-color: var(--chakra-colors-transparent);
}

.emotion-2[aria-checked=true]:disabled,
.emotion-2[data-checked]:disabled,
.emotion-2[aria-checked=true][disabled],
.emotion-2[data-checked][disabled],
.emotion-2[aria-checked=true][aria-disabled=true],
.emotion-2[data-checked][aria-disabled=true],
.emotion-2[aria-checked=true][data-disabled],
.emotion-2[data-checked][data-disabled] {
  border-color: var(--chakra-colors-gray-200);
  background: var(--chakra-colors-gray-200);
  color: var(--chakra-colors-gray-500);
}

.emotion-2:indeterminate,
.emotion-2[aria-checked=mixed],
.emotion-2[data-indeterminate] {
  background: var(--chakra-colors-blue-500);
  border-color: var(--chakra-colors-blue-500);
  color: var(--chakra-colors-white);
}

.emotion-2:disabled,
.emotion-2[disabled],
.emotion-2[aria-disabled=true],
.emotion-2[data-disabled] {
  background: var(--chakra-colors-gray-100);
  border-color: var(--chakra-colors-gray-100);
  color: var(--chakra-colors-brand-lightGray);
  background-color: var(--chakra-colors-transparent);
}

.emotion-2:focus-visible,
.emotion-2[data-focus-visible] {
  box-shadow: var(--chakra-shadows-outline);
}

.emotion-2[aria-invalid=true],
.emotion-2[data-invalid] {
  border-color: var(--chakra-colors-red-500);
}

.emotion-3 {
  width: 1em;
  height: 1em;
  display: inline-block;
  line-height: 1em;
  -webkit-flex-shrink: 0;
  -ms-flex-negative: 0;
  flex-shrink: 0;
  color: currentColor;
  vertical-align: middle;
}

.emotion-4 {
  -webkit-margin-start: 0.5rem;
  margin-inline-start: 0.5rem;
  -webkit-user-select: none;
  -moz-user-select: none;
  -ms-user-select: none;
  user-select: none;
  cursor: pointer;
  font-weight: 400;
  line-height: 19px;
  font-size: var(--chakra-fontSizes-md);
  color: var(--chakra-colors-brand-ghostGray);
}

.emotion-4:disabled,
.emotion-4[disabled],
.emotion-4[aria-disabled=true],
.emotion-4[data-disabled] {
  opacity: 0.4;
  color: var(--chakra-colors-brand-lightGray);
}

.emotion-4[aria-checked=true],
.emotion-4[data-checked] {
  color: var(--chakra-colors-brand-headline2);
  background-color: var(--chakra-colors-transparent);
}

<div>
  <div
    class="chakra-stack emotion-0"
  >
    <label
      class="chakra-checkbox emotion-1"
    >
      <input
        class="chakra-checkbox__input"
        style="border: 0px; clip: rect(0px, 0px, 0px, 0px); height: 1px; width: 1px; margin: -1px; padding: 0px; overflow: hidden; white-space: nowrap; position: absolute;"
        type="checkbox"
        value=""
      />
      <span
        aria-hidden="true"
        class="chakra-checkbox__control emotion-2"
      >
        <svg
          class="chakra-icon emotion-3"
          focusable="false"
          viewBox="0 0 18 18"
        >
          <path
            d="M16 2V16H2V2H16ZM16 0H2C0.9 0 0 0.9 0 2V16C0 17.1 0.9 18 2 18H16C17.1 18 18 17.1 18 16V2C18 0.9 17.1 0 16 0Z"
            fill="currentColor"
          />
        </svg>
      </span>
      <span
        class="chakra-checkbox__label emotion-4"
      >
        Label
      </span>
    </label>
    <label
      class="chakra-checkbox emotion-1"
      data-checked=""
    >
      <input
        checked=""
        class="chakra-checkbox__input"
        style="border: 0px; clip: rect(0px, 0px, 0px, 0px); height: 1px; width: 1px; margin: -1px; padding: 0px; overflow: hidden; white-space: nowrap; position: absolute;"
        type="checkbox"
        value=""
      />
      <span
        aria-hidden="true"
        class="chakra-checkbox__control emotion-2"
        data-checked=""
      >
        <svg
          class="chakra-icon emotion-3"
          focusable="false"
          viewBox="0 0 18 18"
        >
          <path
            d="M16 0H2C0.9 0 0 0.9 0 2V16C0 17.1 0.9 18 2 18H16C17.1 18 18 17.1 18 16V2C18 0.9 17.1 0 16 0ZM16 16H2V2H16V16ZM14.99 6L13.58 4.58L6.99 11.17L4.41 8.6L2.99 10.01L6.99 14L14.99 6Z"
            fill="currentColor"
          />
        </svg>
      </span>
      <span
        class="chakra-checkbox__label emotion-4"
        data-checked=""
      >
        Label
      </span>
    </label>
    <label
      class="chakra-checkbox emotion-1"
      data-disabled=""
      disabled=""
    >
      <input
        aria-disabled="true"
        class="chakra-checkbox__input"
        disabled=""
        style="border: 0px; clip: rect(0px, 0px, 0px, 0px); height: 1px; width: 1px; margin: -1px; padding: 0px; overflow: hidden; white-space: nowrap; position: absolute;"
        type="checkbox"
        value=""
      />
      <span
        aria-hidden="true"
        class="chakra-checkbox__control emotion-2"
        data-disabled=""
      >
        <svg
          class="chakra-icon emotion-3"
          focusable="false"
          viewBox="0 0 18 18"
        >
          <path
            d="M16 2V16H2V2H16ZM16 0H2C0.9 0 0 0.9 0 2V16C0 17.1 0.9 18 2 18H16C17.1 18 18 17.1 18 16V2C18 0.9 17.1 0 16 0Z"
            fill="currentColor"
          />
        </svg>
      </span>
      <span
        class="chakra-checkbox__label emotion-4"
        data-disabled=""
      >
        Label
      </span>
    </label>
  </div>
  <span
    hidden=""
    id="__chakra_env"
  />
</div>
`;
