// Jest Snapshot v1, https://goo.gl/fbAQLP

exports[`Storyshots UI/Tabs Variants 1`] = `
.emotion-0 {
  width: 855px;
  box-shadow: 0 0 0 1px var(--chakra-colors-brand-stroke);
  border-radius: 4px 4px 0px 0px;
}

.emotion-1 {
  display: block;
}

.emotion-2 {
  display: -webkit-box;
  display: -webkit-flex;
  display: -ms-flexbox;
  display: flex;
  -webkit-box-pack: start;
  -ms-flex-pack: start;
  -webkit-justify-content: flex-start;
  justify-content: flex-start;
  -webkit-flex-direction: row;
  -ms-flex-direction: row;
  flex-direction: row;
  border-bottom: 2px solid;
  border-color: inherit;
}

.emotion-3 {
  outline: 2px solid transparent;
  outline-offset: 2px;
  display: -webkit-box;
  display: -webkit-flex;
  display: -ms-flexbox;
  display: flex;
  -webkit-align-items: center;
  -webkit-box-align: center;
  -ms-flex-align: center;
  align-items: center;
  -webkit-box-pack: center;
  -ms-flex-pack: center;
  -webkit-justify-content: center;
  justify-content: center;
  transition-property: var(--chakra-transition-property-common);
  transition-duration: var(--chakra-transition-duration-normal);
  font-size: 16px;
  padding-top: var(--chakra-space-2);
  padding-bottom: var(--chakra-space-2);
  -webkit-padding-start: var(--chakra-space-4);
  padding-inline-start: var(--chakra-space-4);
  -webkit-padding-end: var(--chakra-space-4);
  padding-inline-end: var(--chakra-space-4);
  border-bottom: 2px solid;
  border-color: var(--chakra-colors-transparent);
  margin-bottom: -2px;
  font-weight: 400;
  color: var(--chakra-colors-brand-body);
  cursor: pointer;
}

.emotion-3:focus-visible,
.emotion-3[data-focus-visible] {
  z-index: 1;
  box-shadow: var(--chakra-shadows-outline);
}

.emotion-3:disabled,
.emotion-3[disabled],
.emotion-3[aria-disabled=true],
.emotion-3[data-disabled] {
  cursor: not-allowed;
  opacity: 0.4;
}

.emotion-3:disabled:active,
.emotion-3[disabled]:active,
.emotion-3[aria-disabled=true]:active,
.emotion-3[data-disabled]:active,
.emotion-3:disabled[data-active],
.emotion-3[disabled][data-active],
.emotion-3[aria-disabled=true][data-active],
.emotion-3[data-disabled][data-active] {
  background: none;
}

.emotion-3[aria-selected=true],
.emotion-3[data-selected] {
  color: var(--chakra-colors-brand-headline);
  border-color: var(--chakra-colors-brand-accentRed);
  font-weight: 400;
  font-size: 18px;
  line-height: 120%;
}

.emotion-3:active,
.emotion-3[data-active] {
  background: var(--chakra-colors-gray-200);
}

<div>
  <div
    class="emotion-0"
  >
    <div
      class="chakra-tabs emotion-1"
    >
      <div
        aria-orientation="horizontal"
        class="chakra-tabs__tablist emotion-2"
        role="tablist"
      >
        <button
          aria-controls="tabs-:r0:--tabpanel-0"
          aria-selected="true"
          class="chakra-tabs__tab emotion-3"
          data-index="0"
          id="tabs-:r0:--tab-0"
          role="tab"
          tabindex="0"
          type="button"
        >
          Personal information
        </button>
        <button
          aria-controls="tabs-:r0:--tabpanel-1"
          aria-selected="false"
          class="chakra-tabs__tab emotion-3"
          data-index="1"
          id="tabs-:r0:--tab-1"
          role="tab"
          tabindex="-1"
          type="button"
        >
          Work experience
        </button>
        <button
          aria-controls="tabs-:r0:--tabpanel-2"
          aria-selected="false"
          class="chakra-tabs__tab emotion-3"
          data-index="2"
          id="tabs-:r0:--tab-2"
          role="tab"
          tabindex="-1"
          type="button"
        >
          Skills & Languages
        </button>
        <button
          aria-controls="tabs-:r0:--tabpanel-3"
          aria-selected="false"
          class="chakra-tabs__tab emotion-3"
          data-index="3"
          id="tabs-:r0:--tab-3"
          role="tab"
          tabindex="-1"
          type="button"
        >
          Education & Certificates
        </button>
        <button
          aria-controls="tabs-:r0:--tabpanel-4"
          aria-selected="false"
          class="chakra-tabs__tab emotion-3"
          data-index="4"
          id="tabs-:r0:--tab-4"
          role="tab"
          tabindex="-1"
          type="button"
        >
          Publications
        </button>
      </div>
    </div>
  </div>
  <span
    hidden=""
    id="__chakra_env"
  />
</div>
`;
